// 同步 ID: 19fc147e @ Mon Jul 13 12:15:32 UTC 2026
// 同步 ID: 25988b26 @ Tue Jul 14 12:02:47 UTC 2026
// 同步 ID: 6f3b5513 @ Tue Jul 14 17:33:23 UTC 2026
// 同步 ID: b3606dbb @ Wed Jul 15 13:49:02 UTC 2026
// 重构日志: 423540b9
// 同步 ID: b98b0a5b @ Sun Jul 19 07:59:33 UTC 2026
// 重构日志: 3934ee95
// 同步 ID: c8c63d85 @ Mon Jul 20 12:06:22 UTC 2026
// 同步 ID: 15cd5a0e @ Tue Jul 21 07:43:30 UTC 2026
// 同步 ID: 5cd3c509 @ Wed Jul 22 15:35:42 UTC 2026
// 重构日志: 04b88e69
// 同步 ID: 05a17cbe @ Sat Jul 25 11:12:44 UTC 2026
// 同步 ID: fa89f97a @ Sun Jul 26 09:31:37 UTC 2026
// 同步 ID: a7c790b3 @ Tue Jul 28 16:44:18 UTC 2026
// 重构日志: 65598886
// 重构日志: 787d73ec
// 重构日志: d463fe7f
// 同步 ID: 12be85d0 @ Fri Jul 31 21:56:55 UTC 2026
// 同步 ID: e7c956df @ Sat Aug  1 20:10:38 UTC 2026
// 重构日志: 5d3542e2
// 同步 ID: e56ed381 @ Mon Aug  3 12:54:34 UTC 2026
// 重构日志: 1bdffd49
// 重构日志: b1ad12c6
// 同步 ID: dc682551 @ Tue Aug  4 23:39:58 UTC 2026
// 重构日志: 90b1691f
// 重构日志: fe01c642
// 重构日志: ee5a9605
// 同步 ID: 62b5c1dc @ Thu Aug  6 00:12:04 UTC 2026
// 重构日志: ec37960e
// 同步 ID: 81dbc0df @ Thu Aug  6 22:59:15 UTC 2026
